../X-CUBE-AI/App/app_x-cube-ai.c:114:13:ai_log_err	16	static
../X-CUBE-AI/App/app_x-cube-ai.c:127:12:ai_boostrap	32	static
../X-CUBE-AI/App/app_x-cube-ai.c:170:12:ai_run	16	static
../X-CUBE-AI/App/app_x-cube-ai.c:191:5:acquire_and_process_data	64	static
../X-CUBE-AI/App/app_x-cube-ai.c:265:5:post_process	64	static
../X-CUBE-AI/App/app_x-cube-ai.c:334:6:synchronize_UART	16	static
../X-CUBE-AI/App/app_x-cube-ai.c:367:6:MX_X_CUBE_AI_Init	8	static
../X-CUBE-AI/App/app_x-cube-ai.c:376:6:MX_X_CUBE_AI_Process	24	static
